// Jest Snapshot v1, https://goo.gl/fbAQLP

exports[`Should render EditExpense correctly 1`] = `undefined`;
