// Jest Snapshot v1, https://goo.gl/fbAQLP

exports[`Should render expenseDashBoard Page  1`] = `
<div>
  <Connect(ExpensesSumary) />
  <Connect(ExpenseListFilters) />
  <Connect(ExpenseList) />
</div>
`;
