// Jest Snapshot v1, https://goo.gl/fbAQLP

exports[`Should render ExpenseList Item 1`] = `
<div>
  <h3>
    <Link
      replace={false}
      to="/edit/2"
    >
      car
    </Link>
  </h3>
  <p>
    US$ 
    100
    , created at 
    -345600000
  </p>
</div>
`;
