// Jest Snapshot v1, https://goo.gl/fbAQLP

exports[`Should render NotFound Page  1`] = `
<div>
  404 = 
  <Link
    replace={false}
    to="/dashboard"
  >
    Go home 
  </Link>
</div>
`;
